pydantic: 2.5.2
multipart: ok
OK - Import successful
